../Core/Src/bms_app.c:193:14:clampFloat	24	static
../Core/Src/bms_app.c:198:17:milliUnsigned	16	static
../Core/Src/bms_app.c:204:16:milliSigned	16	static
../Core/Src/bms_app.c:210:14:getPackSocFromVoltage	32	static
../Core/Src/bms_app.c:225:13:adcRead	32	static
../Core/Src/bms_app.c:252:13:readCurrentA	136	static
../Core/Src/bms_app.c:340:13:adsFail	16	static
../Core/Src/bms_app.c:348:13:adsReadOneRaw	56	static
../Core/Src/bms_app.c:405:13:adsReadPackTaps	72	static
../Core/Src/bms_app.c:447:14:lm75DecodeC	24	static
../Core/Src/bms_app.c:457:14:lm75Median3	40	static
../Core/Src/bms_app.c:465:13:lm75ResetHistory	4	static
../Core/Src/bms_app.c:474:13:lm75Fail	16	static
../Core/Src/bms_app.c:493:13:readPackTemperature	88	static
../Core/Src/bms_app.c:587:13:setLoadOutput	16	static
../Core/Src/bms_app.c:602:13:latchProtectionFault	8	static
../Core/Src/bms_app.c:611:13:handleButtonPress	8	static
../Core/Src/bms_app.c:628:13:sensorUpdate	112	static
../Core/Src/bms_app.c:723:6:BMS_App_Init	8	static
../Core/Src/bms_app.c:741:6:BMS_App_Process	16	static
../Core/Src/bms_app.c:773:6:HAL_TIM_PeriodElapsedCallback	16	static
../Core/Src/bms_app.c:779:6:HAL_UART_RxCpltCallback	16	static
../Core/Src/bms_app.c:784:6:HAL_UART_ErrorCallback	16	static
